SiMa Model SDK version 3.0.0
[INFO] ------------------------------------------------------------
[INFO] Model Compiler Version: 3.0.0
[INFO] Python Version: 3.12.14
[INFO] Output Directory: /home/runner/work/model-compiler/model-compiler/debug-results/bf16-1/resnet50.sim
[INFO] ------------------------------------------------------------
[INFO] Preparing ONNX model: /home/runner/work/model-compiler/model-compiler/debug-results/resnet50.sim.onnx
[INFO] Simplifying with fixed shapes: {'input': [1, 3, 224, 224]}
[INFO] Prepared model saved to: /home/runner/work/model-compiler/model-compiler/debug-results/resnet50.sim_prepared.onnx
[INFO] Model successfully loaded for modalix
[INFO] Initializing quantization...
[INFO] Generating dummy calibration data...
2026-09-11 18:06:35,780 - afe.apis.loaded_net - INFO - Quantize loaded net, layout = NCHW, arm_only = False
2026-09-11 18:06:35,780 - afe.apis.loaded_net - INFO - Calibration method = mse
2026-09-11 18:07:06,364 - afe.backends.mla.mla_checkers - WARNING - Cannot assign node nn.batch_flatten_72, source Not available to MLA.
	['Some tensors are not 4D. Support for tensors that are not 4D is disabled in the compilation settings.']
2026-09-11 18:07:07,634 - afe.ir.transform.calibration_transforms - INFO - Running Calibration ...
Running Calibration ...Calibration Progress: |██████████████████████████████| 100.0% 1|1 Complete.  1/1
Running Calibration ...DONE
Running quantization ...Running quantization ...DONE
Saved model:
  /home/runner/work/model-compiler/model-compiler/debug-results/bf16-1/resnet50.sim/resnet50.sim.sima
  /home/runner/work/model-compiler/model-compiler/debug-results/bf16-1/resnet50.sim/resnet50.sim.fp32.sima
[INFO] Quantized model saved.
[INFO] ------------------------------------------------------------
[INFO] Internal graph structure (for tessellate parameters):
[INFO]   Input node names: ['input']
[INFO]   Output node name: cast_1
[INFO]   All nodes:
[INFO]     PLACEHOLDER: input
[INFO] ------------------------------------------------------------
[INFO] Compiling for modalix with batch size 1...
2026-09-11 18:07:08,676 - afe.apis.model - INFO - Compiling quantized net "resnet50.sim"
2026-09-11 18:07:08,873 - afe.core.compile_networks - INFO - The model is split into 1 segments for MLA and APU
2026-09-11 18:07:08,873 - afe.backends.mla.afe_to_n2a_compiler.n2a_compiler_operations - INFO - Stage 1 of 1: compiling for MLA
2026-09-11 18:07:08,900 - mlc.compiler.model_graph.l1_based - INFO - Get model compilation properties
2026-09-11 18:07:08,901 - mlc.compiler.model_graph.l1_based - INFO - Checking if layers fit into memory without splitting
2026-09-11 18:07:08,901 - mlc.compiler.model_graph.l1_based - INFO - Generating the list of feasible layouts
2026-09-11 18:07:08,901 - mlc.compiler.model_graph.l1_based - INFO - Setting layer parameters
2026-09-11 18:07:26,670 - mlc.compiler.model_graph.l1_based - INFO - Setting tile layouts
2026-09-11 18:07:39,474 - mlc.compiler.model_graph.l1_based - INFO - Allocating memory for IFM/OFM tensors
2026-09-11 18:07:39,585 - mlc.compiler.model_graph.l1_based - INFO - Get model compilation properties done
2026-09-11 18:07:39,585 - afe.backends.mla.afe_to_n2a_compiler.n2a_compiler_operations - INFO - Input MLA_0/placeholder_0_0: Tessellation is implemented on MLA
2026-09-11 18:07:39,585 - afe.backends.mla.afe_to_n2a_compiler.n2a_compiler_operations - INFO - Output MLA_0/conv2d_add_71_output: De-tessellation is implemented on MLA
2026-09-11 18:07:39,755 - afe.backends.mla.afe_to_n2a_compiler.n2a_backend_runner - INFO - Start evaluate process to generate check file
2026-09-11 18:07:39,755 - mlc.kernel.layout - INFO - L2 caching mode: L2CachingMode.NONE
2026-09-11 18:07:39,812 - mlc.compiler.model_graph.l1_based - INFO - Generating model code
2026-09-11 18:08:03,666 - mlc.compiler.model_graph.l1_based - INFO - Generating model code done
2026-09-11 18:08:03,667 - mlc.test_util.test_context - INFO - Scheduling instructions
2026-09-11 18:08:25,649 - mlc.test_util.test_context - INFO - Performing DRAM/L2 synchronization
2026-09-11 18:08:45,721 - mlc.test_util.test_context - INFO - Inserting and merging NOPs
2026-09-11 18:08:46,870 - mlc.test_util.test_context - INFO - Setting IQ sync bits
2026-09-11 18:08:46,981 - mlc.test_util.test_context - INFO - Run compression
2026-09-11 18:08:59,105 - mlc.test_util.test_context - INFO - Compression done in 11s. Compression ratio: 0.998
2026-09-11 18:08:59,106 - mlc.test_util.test_context - INFO - Re-allocate dram memory
2026-09-11 18:08:59,183 - mlc.test_util.test_context - INFO - Generating metrics
2026-09-11 18:08:59,460 - mlc.test_util.test_context - INFO - Writing report to MLC file
2026-09-11 18:08:59,460 - mlc.test_util.test_context - INFO - Writing instructions to MLC file
2026-09-11 18:09:28,385 - mlc.test_util.test_context - INFO - Code generation done
Stage 1 of 1: compiling for MLA
Traceback (most recent call last):
  File "/home/runner/work/model-compiler/model-compiler/skills/quantize_compile/scripts/quantize_compile.py", line 529, in <module>
    main()
  File "/home/runner/work/model-compiler/model-compiler/skills/quantize_compile/scripts/quantize_compile.py", line 526, in main
    processor.run()
  File "/home/runner/work/model-compiler/model-compiler/skills/quantize_compile/scripts/quantize_compile.py", line 426, in run
    quant_model.compile(
  File "/home/runner/sdk-extensions/model-compiler/lib/python3.12/site-packages/afe/apis/_sanitize_errors.py", line 21, in _wrapper
  File "/home/runner/sdk-extensions/model-compiler/lib/python3.12/site-packages/afe/apis/defines.py", line 83, in __exit__
  File "/home/runner/sdk-extensions/model-compiler/lib/python3.12/site-packages/afe/apis/_sanitize_errors.py", line 22, in _wrapper
  File "/home/runner/sdk-extensions/model-compiler/lib/python3.12/site-packages/afe/apis/model.py", line 360, in compile
  File "/home/runner/sdk-extensions/model-compiler/lib/python3.12/site-packages/afe/backends/mpk/interface.py", line 753, in generate_mpk_json_file
  File "/home/runner/sdk-extensions/model-compiler/lib/python3.12/site-packages/afe/apis/_sanitize_errors.py", line 31, in sanitize_afe_error
  File "/home/runner/sdk-extensions/model-compiler/lib/python3.12/site-packages/afe/backends/mpk/interface.py", line 739, in generate_mpk_json_file
  File "/home/runner/sdk-extensions/model-compiler/lib/python3.12/site-packages/afe/backends/mpk/interface.py", line 648, in generate_mpk_json_data
  File "/home/runner/sdk-extensions/model-compiler/lib/python3.12/site-packages/afe/core/compile_networks.py", line 218, in compile_net_to_elf
  File "/home/runner/sdk-extensions/model-compiler/lib/python3.12/site-packages/afe/core/compile_networks.py", line 314, in compile_backend_code
  File "/home/runner/sdk-extensions/model-compiler/lib/python3.12/site-packages/afe/backends/mla/afe_to_n2a_compiler/n2a_compiler_operations.py", line 624, in compile_mla_code
RuntimeError: Error occurred when creating ofm_chk.mlc file
