SiMa Model SDK version 3.0.0
[INFO] ------------------------------------------------------------
[INFO] Model Compiler Version: 3.0.0
[INFO] Python Version: 3.12.14
[INFO] Output Directory: /home/runner/work/model-compiler/model-compiler/debug-results/int8-control/resnet50.sim
[INFO] ------------------------------------------------------------
[INFO] Preparing ONNX model: /home/runner/work/model-compiler/model-compiler/debug-results/resnet50.sim.onnx
[INFO] Simplifying with fixed shapes: {'input': [1, 3, 224, 224]}
[INFO] Prepared model saved to: /home/runner/work/model-compiler/model-compiler/debug-results/resnet50.sim_prepared.onnx
[INFO] Model successfully loaded for modalix
[INFO] Initializing quantization...
[INFO] Generating dummy calibration data...
2026-09-11 18:03:39,086 - afe.apis.loaded_net - INFO - Quantize loaded net, layout = NCHW, arm_only = False
2026-09-11 18:03:39,087 - afe.apis.loaded_net - INFO - Calibration method = mse
2026-09-11 18:04:11,696 - afe.backends.mla.mla_checkers - WARNING - Cannot assign node nn.batch_flatten_72, source Not available to MLA.
	['Some tensors are not 4D. Support for tensors that are not 4D is disabled in the compilation settings.']
2026-09-11 18:04:12,963 - afe.ir.transform.calibration_transforms - INFO - Running Calibration ...
Running Calibration ...Calibration Progress: |██████████████████████████████| 100.0% 1|1 Complete.  1/1
Running Calibration ...DONE
Running quantization ...Running quantization ...DONE
Saved model:
  /home/runner/work/model-compiler/model-compiler/debug-results/int8-control/resnet50.sim/resnet50.sim.sima
  /home/runner/work/model-compiler/model-compiler/debug-results/int8-control/resnet50.sim/resnet50.sim.fp32.sima
[INFO] Quantized model saved.
[INFO] ------------------------------------------------------------
[INFO] Internal graph structure (for tessellate parameters):
[INFO]   Input node names: ['input']
[INFO]   Output node name: dequantize_1
[INFO]   All nodes:
[INFO]     PLACEHOLDER: input
[INFO] ------------------------------------------------------------
[INFO] Compiling for modalix with batch size 1...
2026-09-11 18:04:14,962 - afe.apis.model - INFO - Compiling quantized net "resnet50.sim"
2026-09-11 18:04:14,991 - afe.core.compile_networks - INFO - The model is split into 1 segments for MLA and APU
2026-09-11 18:04:14,991 - afe.backends.mla.afe_to_n2a_compiler.n2a_compiler_operations - INFO - Stage 1 of 1: compiling for MLA
2026-09-11 18:04:15,016 - mlc.compiler.model_graph.l1_based - INFO - Get model compilation properties
2026-09-11 18:04:15,017 - mlc.compiler.model_graph.l1_based - INFO - Checking if layers fit into memory without splitting
2026-09-11 18:04:15,017 - mlc.compiler.model_graph.l1_based - INFO - Generating the list of feasible layouts
2026-09-11 18:04:15,017 - mlc.compiler.model_graph.l1_based - INFO - Setting layer parameters
2026-09-11 18:04:33,215 - mlc.compiler.model_graph.l1_based - INFO - Setting tile layouts
2026-09-11 18:04:47,978 - mlc.compiler.model_graph.l1_based - INFO - Allocating memory for IFM/OFM tensors
2026-09-11 18:04:48,083 - mlc.compiler.model_graph.l1_based - INFO - Get model compilation properties done
2026-09-11 18:04:48,083 - afe.backends.mla.afe_to_n2a_compiler.n2a_compiler_operations - INFO - Input MLA_0/placeholder_0_0: Tessellation is implemented on MLA
2026-09-11 18:04:48,083 - afe.backends.mla.afe_to_n2a_compiler.n2a_compiler_operations - INFO - Output MLA_0/conv2d_add_71_output: De-tessellation is implemented on MLA
2026-09-11 18:04:48,173 - afe.backends.mla.afe_to_n2a_compiler.n2a_backend_runner - INFO - Start evaluate process to generate check file
2026-09-11 18:04:48,173 - mlc.kernel.layout - INFO - L2 caching mode: L2CachingMode.NONE
2026-09-11 18:04:48,225 - mlc.compiler.model_graph.l1_based - INFO - Generating model code
2026-09-11 18:05:07,878 - mlc.compiler.model_graph.l1_based - INFO - Generating model code done
2026-09-11 18:05:07,878 - mlc.test_util.test_context - INFO - Scheduling instructions
2026-09-11 18:05:26,986 - mlc.test_util.test_context - INFO - Performing DRAM/L2 synchronization
2026-09-11 18:05:42,677 - mlc.test_util.test_context - INFO - Inserting and merging NOPs
2026-09-11 18:05:43,173 - mlc.test_util.test_context - INFO - Setting IQ sync bits
2026-09-11 18:05:43,231 - mlc.test_util.test_context - INFO - Run compression
2026-09-11 18:05:47,954 - mlc.test_util.test_context - INFO - Compression done in 4s. Compression ratio: 0.92
2026-09-11 18:05:47,954 - mlc.test_util.test_context - INFO - Re-allocate dram memory
2026-09-11 18:05:48,023 - mlc.test_util.test_context - INFO - Generating metrics
2026-09-11 18:05:48,240 - mlc.test_util.test_context - INFO - Writing report to MLC file
2026-09-11 18:05:48,240 - mlc.test_util.test_context - INFO - Writing instructions to MLC file
2026-09-11 18:06:03,341 - mlc.test_util.test_context - INFO - Code generation done
2026-09-11 18:06:03,341 - afe.backends.mla.afe_to_n2a_compiler.n2a_compiler_operations - INFO -   SiMa Model SDK version 3.0.0
2026-09-11 18:06:03,341 - afe.backends.mla.afe_to_n2a_compiler.n2a_compiler_operations - INFO -   Evaluate model and writing chk file done in 14s.
2026-09-11 18:06:10,731 - afe.backends.mpk.interface - INFO - ==============================
2026-09-11 18:06:10,732 - afe.backends.mpk.interface - INFO - Compilation summary:
2026-09-11 18:06:10,732 - afe.backends.mpk.interface - INFO - ------------------------------
2026-09-11 18:06:10,732 - afe.backends.mpk.interface - INFO - Desired batch size: 1
2026-09-11 18:06:10,732 - afe.backends.mpk.interface - INFO - Achieved batch size: 1
2026-09-11 18:06:10,732 - afe.backends.mpk.interface - INFO - ------------------------------
2026-09-11 18:06:10,732 - afe.backends.mpk.interface - INFO - Number of segments per processor after compiling: {MLA: 1, EV74: 4, A65: 0}
2026-09-11 18:06:10,732 - afe.backends.mpk.interface - INFO - ------------------------------
2026-09-11 18:06:10,732 - afe.backends.mpk.interface - INFO - Compiled model: /home/runner/work/model-compiler/model-compiler/debug-results/int8-control/resnet50.sim/resnet50.sim_mpk.tar.gz
Stage 1 of 1: compiling for MLA
==============================
Compilation Summary
==============================

Desired batch size:  1
Achieved batch size: 1

Number of segments per processor after compiling:
  MLA : 1
  EV74: 4
  A65 : 0

Compiled model:
  /home/runner/work/model-compiler/model-compiler/debug-results/int8-control/resnet50.sim/resnet50.sim_mpk.tar.gz
[INFO] Quantization manifest saved to: /home/runner/work/model-compiler/model-compiler/debug-results/int8-control/resnet50.sim/quantization_manifest.json
[INFO] Compilation complete.
