absl-py==2.5.0
accelerate==1.15.0
aiohappyeyeballs==2.7.1
aiohttp==3.14.3
aiosignal==1.4.0
annotated-doc==0.0.5
antlr4-python3-runtime==4.13.2
anyio==4.15.1
astunparse==1.6.3
attrdict3==2.0.2
attrs==26.1.0
av==18.1.0
bcrypt==5.0.0
bitarray==3.11.0
bitstring==4.4.0
blobfile==3.3.0
ccimport==0.4.4
certifi==2026.7.22
cffi==2.1.1
chardet==6.0.0.post1
charset-normalizer==3.5.1
click==8.5.0
cloudpickle==3.1.2
colorama==0.4.6
coloredlogs==15.0.1
contourpy==1.3.3
cryptography==50.0.1
cumm==0.7.11
cycler==0.12.1
Cython==3.0.11
DataProperty==1.1.1
datasets==5.0.1
decorator==5.3.1
defusedxml==0.7.1
Deprecated==1.3.1
dill==0.4.1
diskcache==5.6.3
evaluate==0.4.6
execnet==2.1.2
fabric==3.2.3
filelock==3.32.6
fire==0.7.1
flatbuffers==25.12.19
fonttools==4.65.0
frozenlist==1.8.0
fsspec==2026.6.0
future==1.0.0
gast==0.7.0
gguf==0.17.1
google-api-core==2.29.0
google-api-python-client==2.139.0
google-auth==2.58.0
google-auth-httplib2==0.4.2
google-pasta==0.2.0
googleapis-common-protos==1.73.0
grpcio==1.75.1
h11==0.16.0
h5py==3.16.0
hf-xet==1.6.0
httpcore==1.0.9
httplib2==0.32.0
httpx==0.28.1
huggingface_hub==1.31.0
humanfriendly==10.0
idna==3.19
ImageIO==2.37.4
iniconfig==2.3.0
intervaltree==3.2.1
invoke==2.2.1
jax==0.5.3
jaxlib==0.5.3
Jinja2==3.1.6
joblib==1.6.0
jsonschema==4.26.0
jsonschema-specifications==2025.9.1
keras==3.15.1
kiwisolver==1.5.1
lark==1.3.1
lazy-loader==0.5
libclang==18.1.1
llama_cpp_python==0.3.16
lm_eval==0.4.12
loguru==0.7.3
lxml==6.1.3
Markdown==3.10.3
markdown-it-py==4.2.0
MarkupSafe==3.0.3
matplotlib==3.10.9
mbstrdecoder==1.1.5
mdurl==0.1.2
ml-dtypes==0.4.1
more-itertools==11.1.0
mpk-parser==2.1.3.dev0+develop.128
mpmath==1.3.0
msgpack==1.2.2
multidict==6.8.0
multiprocess==0.70.19
namex==0.1.0
networkx==3.6.1
neural_compressor==2.0.0.dev0+develop.9
ninja==1.13.0
nltk==3.10.3
numpy==1.26.4
nvidia-cublas-cu12==12.8.4.1
nvidia-cuda-cupti-cu12==12.8.90
nvidia-cuda-nvrtc-cu12==12.8.93
nvidia-cuda-runtime-cu12==12.8.90
nvidia-cudnn-cu12==9.10.2.21
nvidia-cufft-cu12==11.3.3.83
nvidia-cufile-cu12==1.13.1.3
nvidia-curand-cu12==10.3.9.90
nvidia-cusolver-cu12==11.7.3.90
nvidia-cusparse-cu12==12.5.8.93
nvidia-cusparselt-cu12==0.7.1
nvidia-nccl-cu12==2.27.3
nvidia-nvjitlink-cu12==12.8.93
nvidia-nvtx-cu12==12.8.90
onnx==1.17.0
onnx-ir==0.1.4
onnxoptimizer==0.3.13
onnxruntime==1.21.1
onnxscript==0.3.2
onnxsim-prebuilt==0.4.39.post2
opencv-python==4.11.0.86
opencv-python-headless==4.11.0.86
opt_einsum==3.4.0
optree==0.20.0
packaging==26.3
pandas==3.0.5
paramiko==5.0.0
pathvalidate==3.1.0
pccm==0.4.16
peft==0.20.0
pillow==12.3.0
pluggy==1.6.0
portalocker==4.3.0
prettytable==3.18.0
propcache==0.5.2
proto-plus==1.27.1
protobuf==4.25.7
psutil==7.2.2
py-cpuinfo==9.0.0
pyarrow==25.0.1
pyasn1==0.6.4
pyasn1_modules==0.4.2
pybind11==3.1.0
pycocotools==2.0.8
pycparser==3.0
pycryptodomex==3.23.0
Pygments==2.21.0
PyNaCl==1.6.2
pyparsing==3.3.2
pytablewriter==1.2.1
pytest==9.1.1
pytest-xdist==3.8.0
python-dateutil==2.9.0.post0
pytz==2026.3.post1
PyYAML==6.0.3
pyzmq==27.2.0
referencing==0.37.0
regex==2026.9.10
requests==2.34.2
rich==15.0.0
rouge-score==0.0.4
rpds-py==2026.6.3
sacrebleu==2.6.0
safetensors==0.8.0
schema==0.7.8
scikit-image==0.22.0
scikit-learn==1.5.2
scipy==1.14.1
sentencepiece==0.2.0
setuptools==84.0.0
shellingham==1.5.4
sima-ev-transforms==3.0.0.dev0+develop.67
sima-frontend==3.0.0.dev0+develop.2270
sima-lmm==0.4.0+develop.fe7f1f618afc
sima-mlc==3.0.0.dev0+develop.1102
sima-mppe==2.1.0.dev0+develop.96
sima-tvm==1.4.0.dev0+develop.101
sima-utils==3.0.0.dev0+develop.132
sima_ml_kernels==3.0.0.dev0+develop.261
six==1.17.0
sortedcontainers==2.4.0
spconv==2.3.8
sqlitedict==2.1.0
sympy==1.14.0
tabledata==1.3.5
tabulate==0.10.0
tcolorpy==0.1.7
tensorboard==2.17.1
tensorboard-data-server==0.7.2
tensorflow==2.17.0
termcolor==3.3.0
threadpoolctl==3.6.0
tibs==0.5.7
tifffile==2026.3.3
tiktoken==0.14.0
tokenizers==0.23.2
torch==2.8.0
torchvision==0.23.0
tornado==6.5.8
tqdm==4.70.1
transformers==5.16.1
triton==3.4.0
typepy==1.3.5
typer==0.27.2
typing_extensions==4.16.0
uritemplate==4.2.0
urllib3==2.7.0
wcwidth==0.8.3
Werkzeug==3.1.8
wheel==0.48.0
word2number==1.1
wrapt==2.4.1
xxhash==4.0.1
yarl==1.24.5
