SiMa Model SDK version 3.0.0
[INFO] ------------------------------------------------------------
[INFO] Model Compiler Version: 3.0.0
[INFO] Python Version: 3.12.3
[INFO] Output Directory: /debug/ll2-results/bf16-3/resnet50.sim
[INFO] ------------------------------------------------------------
[INFO] Preparing ONNX model: /debug/ll2-results/resnet50.sim.onnx
[INFO] Simplifying with fixed shapes: {'input': [1, 3, 224, 224]}
[INFO] Prepared model saved to: /debug/ll2-results/resnet50.sim_prepared.onnx
[INFO] Model successfully loaded for modalix
[INFO] Initializing quantization...
[INFO] Generating dummy calibration data...
2026-09-11 18:10:36,994 - afe.apis.loaded_net - INFO - Quantize loaded net, layout = NCHW, arm_only = False
2026-09-11 18:10:36,995 - afe.apis.loaded_net - INFO - Calibration method = mse
[18:10:38] /home/jenkins/agent/workspace/sima-ai_tvm_develop/src/runtime/threading_backend.cc:346: Warning: more than two frequencies detected! Forced big_count_ to 12
2026-09-11 18:11:05,225 - afe.backends.mla.mla_checkers - WARNING - Cannot assign node nn.batch_flatten_72, source Not available to MLA.
	['Some tensors are not 4D. Support for tensors that are not 4D is disabled in the compilation settings.']
2026-09-11 18:11:06,023 - afe.ir.transform.calibration_transforms - INFO - Running Calibration ...
Running Calibration ...Calibration Progress: |██████████████████████████████| 100.0% 1|1 Complete.  1/1
Running Calibration ...DONE
Running quantization ...Running quantization ...DONE
Saved model:
  /debug/ll2-results/bf16-3/resnet50.sim/resnet50.sim.sima
  /debug/ll2-results/bf16-3/resnet50.sim/resnet50.sim.fp32.sima
[INFO] Quantized model saved.
[INFO] ------------------------------------------------------------
[INFO] Internal graph structure (for tessellate parameters):
[INFO]   Input node names: ['input']
[INFO]   Output node name: cast_1
[INFO]   All nodes:
[INFO]     PLACEHOLDER: input
[INFO] ------------------------------------------------------------
[INFO] Compiling for modalix with batch size 1...
2026-09-11 18:11:07,046 - afe.apis.model - INFO - Compiling quantized net "resnet50.sim"
2026-09-11 18:11:07,162 - afe.core.compile_networks - INFO - The model is split into 1 segments for MLA and APU
2026-09-11 18:11:07,162 - afe.backends.mla.afe_to_n2a_compiler.n2a_compiler_operations - INFO - Stage 1 of 1: compiling for MLA
2026-09-11 18:11:07,175 - mlc.compiler.model_graph.l1_based - INFO - Get model compilation properties
2026-09-11 18:11:07,175 - mlc.compiler.model_graph.l1_based - INFO - Checking if layers fit into memory without splitting
2026-09-11 18:11:07,175 - mlc.compiler.model_graph.l1_based - INFO - Generating the list of feasible layouts
2026-09-11 18:11:07,175 - mlc.compiler.model_graph.l1_based - INFO - Setting layer parameters
2026-09-11 18:11:14,829 - mlc.compiler.model_graph.l1_based - INFO - Setting tile layouts
2026-09-11 18:11:20,523 - mlc.compiler.model_graph.l1_based - INFO - Allocating memory for IFM/OFM tensors
2026-09-11 18:11:20,566 - mlc.compiler.model_graph.l1_based - INFO - Get model compilation properties done
2026-09-11 18:11:20,567 - afe.backends.mla.afe_to_n2a_compiler.n2a_compiler_operations - INFO - Input MLA_0/placeholder_0_0: Tessellation is implemented on MLA
2026-09-11 18:11:20,567 - afe.backends.mla.afe_to_n2a_compiler.n2a_compiler_operations - INFO - Output MLA_0/conv2d_add_71_output: De-tessellation is implemented on MLA
2026-09-11 18:11:20,647 - afe.backends.mla.afe_to_n2a_compiler.n2a_backend_runner - INFO - Start evaluate process to generate check file
2026-09-11 18:11:20,647 - mlc.kernel.layout - INFO - L2 caching mode: L2CachingMode.NONE
2026-09-11 18:11:20,659 - mlc.compiler.model_graph.l1_based - INFO - Generating model code
2026-09-11 18:11:27,572 - mlc.compiler.model_graph.l1_based - INFO - Generating model code done
2026-09-11 18:11:27,572 - mlc.test_util.test_context - INFO - Scheduling instructions
2026-09-11 18:11:33,883 - mlc.test_util.test_context - INFO - Performing DRAM/L2 synchronization
2026-09-11 18:11:39,449 - mlc.test_util.test_context - INFO - Inserting and merging NOPs
2026-09-11 18:11:39,762 - mlc.test_util.test_context - INFO - Setting IQ sync bits
2026-09-11 18:11:39,787 - mlc.test_util.test_context - INFO - Run compression
2026-09-11 18:11:44,622 - mlc.test_util.test_context - INFO - Compression done in 4s. Compression ratio: 0.998
2026-09-11 18:11:44,622 - mlc.test_util.test_context - INFO - Re-allocate dram memory
2026-09-11 18:11:44,656 - mlc.test_util.test_context - INFO - Generating metrics
2026-09-11 18:11:44,745 - mlc.test_util.test_context - INFO - Writing report to MLC file
2026-09-11 18:11:44,745 - mlc.test_util.test_context - INFO - Writing instructions to MLC file
2026-09-11 18:11:57,846 - mlc.test_util.test_context - INFO - Code generation done
Stage 1 of 1: compiling for MLA
Traceback (most recent call last):
  File "/debug/source/skills/quantize_compile/scripts/quantize_compile.py", line 529, in <module>
    main()
  File "/debug/source/skills/quantize_compile/scripts/quantize_compile.py", line 526, in main
    processor.run()
  File "/debug/source/skills/quantize_compile/scripts/quantize_compile.py", line 426, in run
    quant_model.compile(
  File "/sdk-extensions/model-compiler/lib/python3.12/site-packages/afe/apis/_sanitize_errors.py", line 21, in _wrapper
  File "/sdk-extensions/model-compiler/lib/python3.12/site-packages/afe/apis/defines.py", line 83, in __exit__
  File "/sdk-extensions/model-compiler/lib/python3.12/site-packages/afe/apis/_sanitize_errors.py", line 22, in _wrapper
  File "/sdk-extensions/model-compiler/lib/python3.12/site-packages/afe/apis/model.py", line 360, in compile
  File "/sdk-extensions/model-compiler/lib/python3.12/site-packages/afe/backends/mpk/interface.py", line 753, in generate_mpk_json_file
  File "/sdk-extensions/model-compiler/lib/python3.12/site-packages/afe/apis/_sanitize_errors.py", line 31, in sanitize_afe_error
  File "/sdk-extensions/model-compiler/lib/python3.12/site-packages/afe/backends/mpk/interface.py", line 739, in generate_mpk_json_file
  File "/sdk-extensions/model-compiler/lib/python3.12/site-packages/afe/backends/mpk/interface.py", line 648, in generate_mpk_json_data
  File "/sdk-extensions/model-compiler/lib/python3.12/site-packages/afe/core/compile_networks.py", line 218, in compile_net_to_elf
  File "/sdk-extensions/model-compiler/lib/python3.12/site-packages/afe/core/compile_networks.py", line 314, in compile_backend_code
  File "/sdk-extensions/model-compiler/lib/python3.12/site-packages/afe/backends/mla/afe_to_n2a_compiler/n2a_compiler_operations.py", line 624, in compile_mla_code
RuntimeError: Error occurred when creating ofm_chk.mlc file
