Linux 1b240ed47937 7.0.0-31-generic #31~24.04.1-Ubuntu SMP PREEMPT_DYNAMIC Mon Aug 10 09:38:02 UTC 2 x86_64 x86_64 x86_64 GNU/Linux
Architecture:                            x86_64
CPU op-mode(s):                          32-bit, 64-bit
Address sizes:                           39 bits physical, 48 bits virtual
Byte Order:                              Little Endian
CPU(s):                                  20
On-line CPU(s) list:                     0-19
Vendor ID:                               GenuineIntel
Model name:                              13th Gen Intel(R) Core(TM) i9-13900HK
CPU family:                              6
Model:                                   186
Thread(s) per core:                      2
Core(s) per socket:                      14
Socket(s):                               1
Stepping:                                2
CPU(s) scaling MHz:                      9%
CPU max MHz:                             5400.0000
CPU min MHz:                             400.0000
BogoMIPS:                                5990.40
Flags:                                   fpu vme de pse tsc msr pae mce cx8 apic sep mtrr pge mca cmov pat pse36 clflush dts acpi mmx fxsr sse sse2 ss ht tm pbe syscall nx pdpe1gb rdtscp lm constant_tsc art arch_perfmon pebs bts rep_good nopl xtopology nonstop_tsc cpuid aperfmperf tsc_known_freq pni pclmulqdq dtes64 monitor ds_cpl vmx smx est tm2 ssse3 sdbg fma cx16 xtpr pdcm pcid sse4_1 sse4_2 x2apic movbe popcnt tsc_deadline_timer aes xsave avx f16c rdrand lahf_lm abm 3dnowprefetch cpuid_fault epb ssbd ibrs ibpb stibp ibrs_enhanced tpr_shadow flexpriority ept vpid ept_ad fsgsbase tsc_adjust bmi1 avx2 smep bmi2 erms invpcid rdseed adx smap clflushopt clwb intel_pt sha_ni xsaveopt xsavec xgetbv1 xsaves split_lock_detect user_shstk avx_vnni dtherm ida arat pln pts hwp hwp_notify hwp_act_window hwp_epp hwp_pkg_req hfi vnmi umip pku ospke waitpkg gfni vaes vpclmulqdq rdpid movdiri movdir64b fsrm md_clear serialize arch_lbr ibt flush_l1d arch_capabilities
Virtualization:                          VT-x
L1d cache:                               544 KiB (14 instances)
L1i cache:                               704 KiB (14 instances)
L2 cache:                                11.5 MiB (8 instances)
L3 cache:                                24 MiB (1 instance)
NUMA node(s):                            1
NUMA node0 CPU(s):                       0-19
Vulnerability Gather data sampling:      Not affected
Vulnerability Ghostwrite:                Not affected
Vulnerability Indirect target selection: Not affected
Vulnerability Itlb multihit:             Not affected
Vulnerability L1tf:                      Not affected
Vulnerability Mds:                       Not affected
Vulnerability Meltdown:                  Not affected
Vulnerability Mmio stale data:           Not affected
Vulnerability Old microcode:             Not affected
Vulnerability Reg file data sampling:    Mitigation; Clear Register File
Vulnerability Retbleed:                  Not affected
Vulnerability Spec rstack overflow:      Not affected
Vulnerability Spec store bypass:         Mitigation; Speculative Store Bypass disabled via prctl
Vulnerability Spectre v1:                Mitigation; usercopy/swapgs barriers and __user pointer sanitization
Vulnerability Spectre v2:                Mitigation; Enhanced / Automatic IBRS; IBPB conditional; PBRSB-eIBRS SW sequence; BHI BHI_DIS_S
Vulnerability Srbds:                     Not affected
Vulnerability Tsa:                       Not affected
Vulnerability Tsx async abort:           Not affected
Vulnerability Vmscape:                   Mitigation; IBPB before exit to userspace
               total        used        free      shared  buff/cache   available
Mem:            62Gi       2.4Gi        21Gi        77Mi        39Gi        60Gi
Swap:          8.0Gi          0B       8.0Gi
Filesystem                         Size  Used Avail Use% Mounted on
overlay                            913G  474G  394G  55% /
tmpfs                               64M     0   64M   0% /dev
shm                                 64M     0   64M   0% /dev/shm
/dev/mapper/ubuntu--vg-ubuntu--lv  913G  474G  394G  55% /debug
tmpfs                               32G     0   32G   0% /proc/asound
tmpfs                               32G     0   32G   0% /proc/acpi
tmpfs                               32G     0   32G   0% /proc/scsi
tmpfs                               32G     0   32G   0% /sys/firmware
tmpfs                               32G     0   32G   0% /sys/devices/virtual/powercap
tmpfs                               32G     0   32G   0% /sys/devices/system/cpu/cpu0/thermal_throttle
tmpfs                               32G     0   32G   0% /sys/devices/system/cpu/cpu1/thermal_throttle
tmpfs                               32G     0   32G   0% /sys/devices/system/cpu/cpu2/thermal_throttle
tmpfs                               32G     0   32G   0% /sys/devices/system/cpu/cpu3/thermal_throttle
tmpfs                               32G     0   32G   0% /sys/devices/system/cpu/cpu4/thermal_throttle
tmpfs                               32G     0   32G   0% /sys/devices/system/cpu/cpu5/thermal_throttle
tmpfs                               32G     0   32G   0% /sys/devices/system/cpu/cpu6/thermal_throttle
tmpfs                               32G     0   32G   0% /sys/devices/system/cpu/cpu7/thermal_throttle
tmpfs                               32G     0   32G   0% /sys/devices/system/cpu/cpu8/thermal_throttle
tmpfs                               32G     0   32G   0% /sys/devices/system/cpu/cpu9/thermal_throttle
tmpfs                               32G     0   32G   0% /sys/devices/system/cpu/cpu10/thermal_throttle
tmpfs                               32G     0   32G   0% /sys/devices/system/cpu/cpu11/thermal_throttle
tmpfs                               32G     0   32G   0% /sys/devices/system/cpu/cpu12/thermal_throttle
tmpfs                               32G     0   32G   0% /sys/devices/system/cpu/cpu13/thermal_throttle
tmpfs                               32G     0   32G   0% /sys/devices/system/cpu/cpu14/thermal_throttle
tmpfs                               32G     0   32G   0% /sys/devices/system/cpu/cpu15/thermal_throttle
tmpfs                               32G     0   32G   0% /sys/devices/system/cpu/cpu16/thermal_throttle
tmpfs                               32G     0   32G   0% /sys/devices/system/cpu/cpu17/thermal_throttle
tmpfs                               32G     0   32G   0% /sys/devices/system/cpu/cpu18/thermal_throttle
tmpfs                               32G     0   32G   0% /sys/devices/system/cpu/cpu19/thermal_throttle
real-time non-blocking time  (microseconds, -R) unlimited
core file size              (blocks, -c) unlimited
data seg size               (kbytes, -d) unlimited
scheduling priority                 (-e) 0
file size                   (blocks, -f) unlimited
pending signals                     (-i) 235949
max locked memory           (kbytes, -l) 8192
max memory size             (kbytes, -m) unlimited
open files                          (-n) 1048576
pipe size                (512 bytes, -p) 8
POSIX message queues         (bytes, -q) 819200
real-time priority                  (-r) 0
stack size                  (kbytes, -s) 8192
cpu time                   (seconds, -t) unlimited
max user processes                  (-u) unlimited
virtual memory              (kbytes, -v) unlimited
file locks                          (-x) unlimited
